
> frontend@0.0.0 build
> vite build

[36mvite v7.3.1 [32mbuilding client environment for production...[36m[39m
transforming...
[32mΓ£ô[39m 82 modules transformed.
rendering chunks...
computing gzip size...
[2mdist/[22m[32mindex.html                 [39m[1m[2m  0.46 kB[22m[1m[22m[2m Γöé gzip:  0.29 kB[22m
[2mdist/[22m[35massets/index-B9MKEY7M.css  [39m[1m[2m  3.91 kB[22m[1m[22m[2m Γöé gzip:  1.34 kB[22m
[2mdist/[22m[36massets/index-BfQs-HDR.js   [39m[1m[2m234.64 kB[22m[1m[22m[2m Γöé gzip: 76.64 kB[22m
[32mΓ£ô built in 923ms[39m
