[INFO] Scanning for projects...
[INFO] 
[INFO] ---------------------< com.sneha:leave-management >---------------------
[INFO] Building leave-management 0.0.1-SNAPSHOT
[INFO]   from pom.xml
[INFO] --------------------------------[ jar ]---------------------------------
[INFO] 
[INFO] --- clean:3.5.0:clean (default-clean) @ leave-management ---
[INFO] Deleting C:\Users\Sneha\OneDrive\Desktop\Leave-Management-System\backend\target
[INFO] ------------------------------------------------------------------------
[INFO] BUILD FAILURE
[INFO] ------------------------------------------------------------------------
[INFO] Total time:  2.378 s
[INFO] Finished at: 2026-03-23T21:53:10+05:30
[INFO] ------------------------------------------------------------------------
[ERROR] Failed to execute goal org.apache.maven.plugins:maven-clean-plugin:3.5.0:clean (default-clean) on project leave-management: Failed to clean project: Failed to delete C:\Users\Sneha\OneDrive\Desktop\Leave-Management-System\backend\target\classes\com\sneha\leave_management\controller -> [Help 1]
[ERROR] 
[ERROR] To see the full stack trace of the errors, re-run Maven with the -e switch.
[ERROR] Re-run Maven using the -X switch to enable full debug logging.
[ERROR] 
[ERROR] For more information about the errors and possible solutions, please read the following articles:
[ERROR] [Help 1] http://cwiki.apache.org/confluence/display/MAVEN/MojoExecutionException
